ok - fm_trace_context_valid accepts a conformant W3C traceparent
ok - fm_trace_context_valid rejects all-zero ids, ff version, uppercase, wrong length, missing field, shell metacharacters, and empty
ok - a command-substitution-shaped value is rejected as inert data, never executed
ok - fm_trace_context_hex yields exact-length lowercase hex, distinct per call
ok - fm_trace_context_mint starts a valid sampled root trace
ok - every mint is an unrelated fresh root - one trace per task, no parent adoption
ok - a minted root is the fixed 55-char W3C form (hex and hyphens only), so firstmate originates no free-form content in the carrier
ok - enablement is default-off; FM_TRACE_CONTEXT overrides with truthy/other precedence, and unset or empty defers to config/trace-context
ok - session start normalizes config and environment precedence into frozen on/off state
ok - session state is atomically published through a same-directory replacement
ok - a stale on record is inactive when publication fails in a new locked session
ok - missing or invalid frozen session state defaults off
ok - a Windows-tagged session lock binds the frozen decision and remains effective
ok - trace context stays off for lock values that name no usable holder
ok - resolve omits the carrier and returns success when the capability is off (byte-identical default)
ok - resolve mints a valid traceparent when enabled
ok - Secondmate home-session state stays off or on despite later file state; ambient TRACEPARENT is never adopted, so each routed task roots its own trace
ok - resolve reuses a valid recorded traceparent verbatim on relaunch (stable identity across restarts)
ok - disabling the capability omits the carrier even for a task with a recorded identity
ok - a corrupt recorded traceparent is re-minted rather than propagated
ok - resolve yields exactly one carrier per logical task, so the recorded and injected values are identical by construction
ok - entropy failure omits telemetry safely: mint reports failure, resolve returns success with no carrier
ok - the resolver has no sleep/timeout/command hang source and always returns success
ok - the carrier is minted identically for every harness, backend, and spawn kind (no such branching in the lib code)
ok - the lib code never reads a brief, prompt, report, or status - it cannot leak content
ok - config/trace-context is inherited into secondmate homes, keeping the nested chain enabled end to end
# fm-trace-context-lib.test.sh: all assertions passed
